[11:08:45] [recap] memory.enabled is false — turn storage disabled
[11:08:45] [recap] App state: showWelcome=true overlayDismissed=false view=chat busy=false shouldShowOverlay=true showWelcomeInStatic=true recapEntries=0
[11:08:45] [recap] AppStateProvider mounted: showWelcome=true welcomeOverlayDismissed=false (initial state)
[11:08:45] [recap] AppStateContext showWelcome changed: showWelcome=true
[11:08:45] [recap] AppStateContext welcomeOverlayDismissed changed: welcomeOverlayDismissed=false
[11:08:46] [recap] initialPrompt check: hasPrompt=false submitted=false value=undefined
[11:08:46] [recap] App state: showWelcome=true overlayDismissed=true view=chat busy=false shouldShowOverlay=false showWelcomeInStatic=true recapEntries=0
[11:08:46] [recap] AppStateContext welcomeOverlayDismissed changed: welcomeOverlayDismissed=true
[11:08:58] [recap] App state: showWelcome=true overlayDismissed=true view=chat busy=true shouldShowOverlay=false showWelcomeInStatic=true recapEntries=0
[11:18:59] [recap] App state: showWelcome=true overlayDismissed=true view=chat busy=false shouldShowOverlay=false showWelcomeInStatic=true recapEntries=0
[11:26:15] [recap] memory.enabled is false — turn storage disabled
[11:26:15] [recap] App state: showWelcome=true overlayDismissed=false view=chat busy=false shouldShowOverlay=true showWelcomeInStatic=true recapEntries=0
[11:26:15] [recap] AppStateProvider mounted: showWelcome=true welcomeOverlayDismissed=false (initial state)
[11:26:15] [recap] AppStateContext showWelcome changed: showWelcome=true
[11:26:15] [recap] AppStateContext welcomeOverlayDismissed changed: welcomeOverlayDismissed=false
[11:26:15] [recap] initialPrompt check: hasPrompt=false submitted=false value=undefined
[11:27:00] [recap] App state: showWelcome=true overlayDismissed=true view=chat busy=false shouldShowOverlay=false showWelcomeInStatic=true recapEntries=0
[11:27:00] [recap] AppStateContext welcomeOverlayDismissed changed: welcomeOverlayDismissed=true
[11:27:11] [recap] App state: showWelcome=true overlayDismissed=true view=chat busy=true shouldShowOverlay=false showWelcomeInStatic=true recapEntries=0
[11:29:32] [recap] App state: showWelcome=true overlayDismissed=true view=chat busy=false shouldShowOverlay=false showWelcomeInStatic=true recapEntries=0
[11:29:35] [recap] App state: showWelcome=true overlayDismissed=true view=chat busy=true shouldShowOverlay=false showWelcomeInStatic=true recapEntries=0
[11:32:18] [recap] App state: showWelcome=true overlayDismissed=true view=chat busy=false shouldShowOverlay=false showWelcomeInStatic=true recapEntries=0
[11:37:40] [recap] App state: showWelcome=true overlayDismissed=true view=chat busy=true shouldShowOverlay=false showWelcomeInStatic=true recapEntries=0
[11:38:57] [recap] App state: showWelcome=true overlayDismissed=true view=chat busy=false shouldShowOverlay=false showWelcomeInStatic=true recapEntries=0
